This is pdfTeX, Version 3.141592653-2.6-1.40.28 (TeX Live 2025) (preloaded format=pdflatex 2026.2.16)  21 FEB 2026 13:06
entering extended mode
 restricted \write18 enabled.
 %&-line parsing enabled.
**edmac.drv
(./edmac.drv
LaTeX2e <2025-11-01>
L3 programming layer <2026-01-19>
(/usr/local/texlive/2025/texmf-dist/tex/latex/base/article.cls
Document Class: article 2025/01/22 v1.4n Standard LaTeX document class
(/usr/local/texlive/2025/texmf-dist/tex/latex/base/size10.clo
File: size10.clo 2025/01/22 v1.4n Standard LaTeX file (size option)
)
\c@part=\count275
\c@section=\count276
\c@subsection=\count277
\c@subsubsection=\count278
\c@paragraph=\count279
\c@subparagraph=\count280
\c@figure=\count281
\c@table=\count282
\abovecaptionskip=\skip49
\belowcaptionskip=\skip50
\bibindent=\dimen148
)
(/usr/local/texlive/2025/texmf-dist/tex/latex/base/doc.sty
Package: doc 2024/12/25 v3.0q Standard LaTeX documentation package V3 (FMi)
\c@StandardModuleDepth=\count283
\guard@level=\count284
\MacrocodeTopsep=\skip51
\MacroIndent=\dimen149
\macro@cnt=\count285
\MacroTopsep=\skip52
\IndexMin=\dimen150
\c@IndexColumns=\count286

(/usr/local/texlive/2025/texmf-dist/tex/latex/tools/multicol.sty
Package: multicol 2025/10/21 v2.0b multicolumn formatting (FMi)
\c@tracingmulticols=\count287
\mult@box=\box53
\multicol@leftmargin=\dimen151
\c@unbalance=\count288
\c@collectmore=\count289
\doublecol@number=\count290
\multicoltolerance=\count291
\multicolpretolerance=\count292
\full@width=\dimen152
\page@free=\dimen153
\premulticols=\dimen154
\postmulticols=\dimen155
\multicolsep=\skip53
\multicolbaselineskip=\skip54
\partial@page=\box54
\last@line=\box55
\mc@boxedresult=\box56
\maxbalancingoverflow=\dimen156
\mult@rightbox=\box57
\mult@grightbox=\box58
\mult@firstbox=\box59
\mult@gfirstbox=\box60
\@tempa=\box61
\@tempa=\box62
\@tempa=\box63
\@tempa=\box64
\@tempa=\box65
\@tempa=\box66
\@tempa=\box67
\@tempa=\box68
\@tempa=\box69
\@tempa=\box70
\@tempa=\box71
\@tempa=\box72
\@tempa=\box73
\@tempa=\box74
\@tempa=\box75
\@tempa=\box76
\@tempa=\box77
\@tempa=\box78
\@tempa=\box79
\@tempa=\box80
\@tempa=\box81
\@tempa=\box82
\@tempa=\box83
\@tempa=\box84
\@tempa=\box85
\@tempa=\box86
\@tempa=\box87
\@tempa=\box88
\@tempa=\box89
\@tempa=\box90
\@tempa=\box91
\@tempa=\box92
\@tempa=\box93
\@tempa=\box94
\@tempa=\box95
\@tempa=\box96
\c@minrows=\count293
\c@columnbadness=\count294
\c@finalcolumnbadness=\count295
\last@try=\dimen157
\multicolovershoot=\dimen158
\multicolundershoot=\dimen159
\mult@nat@firstbox=\box97
\colbreak@box=\box98
\mc@col@check@num=\count296
\g__mc_curr_col_int=\count297
)
\GlossaryMin=\dimen160
\c@GlossaryColumns=\count298
\check@sum=\count299
\bslash@cnt=\count300
\wrong@table=\toks17
\c@CodelineNo=\count301
\@temptokenb=\toks18
)
\egwidth=\skip55
Package doc Info: Made " a short reference for \verb on input line 26.
\@indexfile=\write3
\openout3 = `edmac.idx'.


Writing index file edmac.idx
(/usr/local/texlive/2025/texmf-dist/tex/latex/hypdoc/hypdoc.sty
Package: hypdoc 2023-10-26 v1.19 Hyper extensions for doc.sty (HO)

(/usr/local/texlive/2025/texmf-dist/tex/latex/base/atveryend-ltx.sty
Package: atveryend-ltx 2020/08/19 v1.0a Emulation of the original atveryend pac
kage
with kernel methods
)
(/usr/local/texlive/2025/texmf-dist/tex/latex/hyperref/hyperref.sty
Package: hyperref 2026-01-29 v7.01p Hypertext links for LaTeX

(/usr/local/texlive/2025/texmf-dist/tex/generic/iftex/iftex.sty
Package: iftex 2024/12/12 v1.0g TeX engine tests
)
(/usr/local/texlive/2025/texmf-dist/tex/latex/graphics/keyval.sty
Package: keyval 2022/05/29 v1.15 key=value parser (DPC)
\KV@toks@=\toks19
)
(/usr/local/texlive/2025/texmf-dist/tex/latex/kvsetkeys/kvsetkeys.sty
Package: kvsetkeys 2022-10-05 v1.19 Key value parser (HO)
)
(/usr/local/texlive/2025/texmf-dist/tex/generic/kvdefinekeys/kvdefinekeys.sty
Package: kvdefinekeys 2019-12-19 v1.6 Define keys (HO)
)
(/usr/local/texlive/2025/texmf-dist/tex/generic/pdfescape/pdfescape.sty
Package: pdfescape 2019/12/09 v1.15 Implements pdfTeX's escape features (HO)

(/usr/local/texlive/2025/texmf-dist/tex/generic/ltxcmds/ltxcmds.sty
Package: ltxcmds 2023-12-04 v1.26 LaTeX kernel commands for general use (HO)
)
(/usr/local/texlive/2025/texmf-dist/tex/generic/pdftexcmds/pdftexcmds.sty
Package: pdftexcmds 2020-06-27 v0.33 Utility functions of pdfTeX for LuaTeX (HO
)

(/usr/local/texlive/2025/texmf-dist/tex/generic/infwarerr/infwarerr.sty
Package: infwarerr 2019/12/03 v1.5 Providing info/warning/error messages (HO)
)
Package pdftexcmds Info: \pdf@primitive is available.
Package pdftexcmds Info: \pdf@ifprimitive is available.
Package pdftexcmds Info: \pdfdraftmode found.
))
(/usr/local/texlive/2025/texmf-dist/tex/latex/hycolor/hycolor.sty
Package: hycolor 2020-01-27 v1.10 Color options for hyperref/bookmark (HO)
)
(/usr/local/texlive/2025/texmf-dist/tex/latex/hyperref/nameref.sty
Package: nameref 2026-01-29 v2.58 Cross-referencing by name of section

(/usr/local/texlive/2025/texmf-dist/tex/latex/refcount/refcount.sty
Package: refcount 2019/12/15 v3.6 Data extraction from label references (HO)
)
(/usr/local/texlive/2025/texmf-dist/tex/generic/gettitlestring/gettitlestring.s
ty
Package: gettitlestring 2019/12/15 v1.6 Cleanup title references (HO)
 (/usr/local/texlive/2025/texmf-dist/tex/latex/kvoptions/kvoptions.sty
Package: kvoptions 2022-06-15 v3.15 Key value format for package options (HO)
))
\c@section@level=\count302
)
(/usr/local/texlive/2025/texmf-dist/tex/latex/etoolbox/etoolbox.sty
Package: etoolbox 2025/10/02 v2.5m e-TeX tools for LaTeX (JAW)
\etb@tempcnta=\count303
)
(/usr/local/texlive/2025/texmf-dist/tex/generic/stringenc/stringenc.sty
Package: stringenc 2019/11/29 v1.12 Convert strings between diff. encodings (HO
)
)
\@linkdim=\dimen161
\Hy@linkcounter=\count304
\Hy@pagecounter=\count305

(/usr/local/texlive/2025/texmf-dist/tex/latex/hyperref/pd1enc.def
File: pd1enc.def 2026-01-29 v7.01p Hyperref: PDFDocEncoding definition (HO)
Now handling font encoding PD1 ...
... no UTF-8 mapping file for font encoding PD1
)
(/usr/local/texlive/2025/texmf-dist/tex/generic/intcalc/intcalc.sty
Package: intcalc 2019/12/15 v1.3 Expandable calculations with integers (HO)
)
\Hy@SavedSpaceFactor=\count306

(/usr/local/texlive/2025/texmf-dist/tex/latex/hyperref/puenc.def
File: puenc.def 2026-01-29 v7.01p Hyperref: PDF Unicode definition (HO)
Now handling font encoding PU ...
... no UTF-8 mapping file for font encoding PU
)
(/home/dom/Dropbox/localtexmf/tex/xelatex/xetexconfig/hyperref.cfg
File: hyperref.cfg 
Package hyperref Info: Option `colorlinks' set `true' on input line 17.
Package hyperref Info: Option `breaklinks' set `true' on input line 17.
)
Package hyperref Info: Option `hyperindex' set `false' on input line 4072.
Package hyperref Info: Option `pdfusetitle' set `true' on input line 4072.
Package hyperref Info: Hyper figures OFF on input line 4201.
Package hyperref Info: Link nesting OFF on input line 4206.
Package hyperref Info: Hyper index OFF on input line 4211.
Package hyperref Info: Plain pages OFF on input line 4216.
Package hyperref Info: Backreferencing OFF on input line 4221.
Package hyperref Info: Implicit mode ON; LaTeX internals redefined.
Package hyperref Info: Bookmarks ON on input line 4468.
\c@Hy@tempcnt=\count307

(/usr/local/texlive/2025/texmf-dist/tex/latex/url/url.sty
\Urlmuskip=\muskip17
Package: url 2013/09/16  ver 3.4  Verb mode for urls, etc.
)
LaTeX Info: Redefining \url on input line 4807.
\XeTeXLinkMargin=\dimen162

(/usr/local/texlive/2025/texmf-dist/tex/generic/bitset/bitset.sty
Package: bitset 2019/12/09 v1.3 Handle bit-vector datatype (HO)

(/usr/local/texlive/2025/texmf-dist/tex/generic/bigintcalc/bigintcalc.sty
Package: bigintcalc 2019/12/15 v1.5 Expandable calculations on big integers (HO
)
))
\Fld@menulength=\count308
\Field@Width=\dimen163
\Fld@charsize=\dimen164
Package hyperref Info: Hyper figures OFF on input line 6084.
Package hyperref Info: Link nesting OFF on input line 6089.
Package hyperref Info: Hyper index OFF on input line 6094.
Package hyperref Info: backreferencing OFF on input line 6099.
Package hyperref Info: Link coloring ON on input line 6102.
Package hyperref Info: Link coloring with OCG OFF on input line 6109.
Package hyperref Info: PDF/A mode OFF on input line 6114.
\Hy@abspage=\count309
\c@Item=\count310
\c@Hfootnote=\count311
)
Package hyperref Info: Driver (autodetected): hpdftex.

(/usr/local/texlive/2025/texmf-dist/tex/latex/hyperref/hpdftex.def
File: hpdftex.def 2026-01-29 v7.01p Hyperref driver for pdfTeX
\Fld@listcount=\count312
\c@bookmark@seq@number=\count313

(/usr/local/texlive/2025/texmf-dist/tex/latex/rerunfilecheck/rerunfilecheck.sty
Package: rerunfilecheck 2025-06-21 v1.11 Rerun checks for auxiliary files (HO)

(/usr/local/texlive/2025/texmf-dist/tex/generic/uniquecounter/uniquecounter.sty
Package: uniquecounter 2019/12/15 v1.4 Provide unlimited unique counter (HO)
)
Package uniquecounter Info: New unique counter `rerunfilecheck' on input line 2
84.
)
\Hy@SectionHShift=\skip56
)
Package hyperref Info: Option `colorlinks' set `true' on input line 75.
Package hyperref Info: Option `plainpages' set `false' on input line 75.
Package hyperref Info: Option `bookmarksopen' set `true' on input line 75.
Package hyperref Info: Option `bookmarksnumbered' set `true' on input line 75.
\c@HD@unique=\count314
\c@HD@hypercount=\count315
\HD@helplength=\skip57
)
(/usr/local/texlive/2025/texmf-dist/tex/latex/l3backend/l3backend-pdftex.def
File: l3backend-pdftex.def 2025-10-09 L3 backend support: PDF output (pdfTeX)
\l__color_backend_stack_int=\count316
)
(./edmac.aux)
\openout1 = `edmac.aux'.

LaTeX Font Info:    Checking defaults for OML/cmm/m/it on input line 37.
LaTeX Font Info:    ... okay on input line 37.
LaTeX Font Info:    Checking defaults for OMS/cmsy/m/n on input line 37.
LaTeX Font Info:    ... okay on input line 37.
LaTeX Font Info:    Checking defaults for OT1/cmr/m/n on input line 37.
LaTeX Font Info:    ... okay on input line 37.
LaTeX Font Info:    Checking defaults for T1/cmr/m/n on input line 37.
LaTeX Font Info:    ... okay on input line 37.
LaTeX Font Info:    Checking defaults for TS1/cmr/m/n on input line 37.
LaTeX Font Info:    ... okay on input line 37.
LaTeX Font Info:    Checking defaults for OMX/cmex/m/n on input line 37.
LaTeX Font Info:    ... okay on input line 37.
LaTeX Font Info:    Checking defaults for U/cmr/m/n on input line 37.
LaTeX Font Info:    ... okay on input line 37.
LaTeX Font Info:    Checking defaults for PD1/pdf/m/n on input line 37.
LaTeX Font Info:    ... okay on input line 37.
LaTeX Font Info:    Checking defaults for PU/pdf/m/n on input line 37.
LaTeX Font Info:    ... okay on input line 37.
 (/usr/local/texlive/2025/texmf-dist/tex/latex/graphics/color.sty
Package: color 2025/01/14 v1.3e Standard LaTeX Color (DPC)

(/usr/local/texlive/2025/texmf-dist/tex/latex/graphics-cfg/color.cfg
File: color.cfg 2016/01/02 v1.6 sample color configuration
)
Package color Info: Driver file: pdftex.def on input line 149.

(/usr/local/texlive/2025/texmf-dist/tex/latex/graphics-def/pdftex.def
File: pdftex.def 2025/09/29 v1.2d Graphics/color driver for pdftex

(/usr/local/texlive/2025/texmf-dist/tex/context/base/mkii/supp-pdf.mkii
[Loading MPS to PDF converter (version 2006.09.02).]
\scratchcounter=\count317
\scratchdimen=\dimen165
\scratchbox=\box99
\nofMPsegments=\count318
\nofMParguments=\count319
\everyMPshowfont=\toks20
\MPscratchCnt=\count320
\MPscratchDim=\dimen166
\MPnumerator=\count321
\makeMPintoPDFobject=\count322
\everyMPtoPDFconversion=\toks21
)) (/usr/local/texlive/2025/texmf-dist/tex/latex/graphics/mathcolor.ltx))
Package hyperref Info: Link coloring ON on input line 37.

(./edmac.out) (./edmac.out)
\@outlinefile=\write4
\openout4 = `edmac.out'.

 (./edmac.hd)
\HD@savedest@out=\write5
\openout5 = `edmac.hd'.

 (./edmac.doc
***************************
* Character table correct *
***************************
LaTeX Font Info:    External font `cmex10' loaded for size
(Font)              <17.28> on input line 404.
LaTeX Font Info:    External font `cmex10' loaded for size
(Font)              <12> on input line 404.
LaTeX Font Info:    External font `cmex10' loaded for size
(Font)              <8> on input line 404.
LaTeX Font Info:    External font `cmex10' loaded for size
(Font)              <6> on input line 404.
LaTeX Font Info:    External font `cmex10' loaded for size
(Font)              <5> on input line 404.
(./edmac.toc
LaTeX Font Info:    External font `cmex10' loaded for size
(Font)              <7> on input line 2.


Package hyperref Warning: Token not allowed in a PDF string (Unicode):
(hyperref)                removing `\leavevmode@ifvmode' on input line 32.


Package hyperref Warning: Token not allowed in a PDF string (Unicode):
(hyperref)                \kern 1.66672pt
(hyperref)                removed on input line 32.

[1

{/usr/local/texlive/2025/texmf-var/fonts/map/pdftex/updmap/pdftex.map}])
\tf@toc=\write6
\openout6 = `edmac.toc'.


[2]
Underfull \hbox (badness 10000) in paragraph at lines 475--475
[][][][][]\OT1/cmtt/m/n/8 COLLATE []\OT1/cmr/m/n/8 was cre-ated by Pe-ter Robin
-son[] at The Com-put-ers and Vari-
 []


Underfull \hbox (badness 10000) in paragraph at lines 475--475
\OT1/cmr/m/n/8 ant Texts Project, Ox-ford Uni-ver-sity Com-put-ing Ser-vice, 13
 Ban-bury Road,
 []


Underfull \hbox (badness 7981) in paragraph at lines 475--475
\OT1/cmr/m/n/8 Ox-ford OX2 6NN, Eng-land. Email: [][]\OT1/cmtt/m/n/8 peterr@vax
.oxford.ac.uk[]\OT1/cmr/m/n/8 . See [][]\OT1/cmtt/m/n/8 <URL
 []

[3{/usr/local/texlive/2025/texmf-dist/fonts/enc/dvips/cm-super/cm-super-ts1.enc
}]
Underfull \hbox (badness 3386) in paragraph at lines 602--602
[][][]\OT1/cmr/m/n/8 Geert H. M. Claassens,[] \OT1/cmr/m/it/8 De Mid-delned-er-
landse Kruis-vaartro-mans\OT1/cmr/m/n/8 , (Am-s-ter-dam:
 []

[4] [5] [6]

LaTeX Warning: Marginpar on page 7 moved.

[7]

LaTeX Warning: Marginpar on page 8 moved.


Overfull \hbox (11.02382pt too wide) in paragraph at lines 838--838
[] \OT1/cmtt/m/n/9 This is a sample paragraph, with[] 
 []


Overfull \hbox (6.29887pt too wide) in paragraph at lines 838--838
[] \OT1/cmtt/m/n/9 The lines of this paragraph are[] 
 []


Overfull \hbox (6.29887pt too wide) in paragraph at lines 877--877
[]   \OT1/cmtt/m/n/9 A paragraph of numbered text.[] 
 []


Overfull \hbox (6.29887pt too wide) in paragraph at lines 877--877
[]   \OT1/cmtt/m/n/9 Another paragraph of numbered[] 
 []

[8]

LaTeX Warning: Marginpar on page 9 moved.

[9]
Overfull \hbox (1.57393pt too wide) in paragraph at lines 1002--1002
[]   \OT1/cmtt/m/n/9 \text{Smith}\Afootnote{Jones[] 
 []


LaTeX Warning: Marginpar on page 10 moved.


LaTeX Warning: Marginpar on page 10 moved.


LaTeX Warning: Marginpar on page 10 moved.


LaTeX Warning: Marginpar on page 10 moved.


LaTeX Warning: Marginpar on page 10 moved.


LaTeX Warning: Marginpar on page 10 moved.


LaTeX Warning: Marginpar on page 10 moved.


LaTeX Warning: Marginpar on page 10 moved.


LaTeX Warning: Marginpar on page 10 moved.

[10]
Overfull \hbox (1.57393pt too wide) in paragraph at lines 1070--1070
[]   \OT1/cmtt/m/n/9 \text{Smith}\Afootnote{Jones[] 
 []

[11]
Overfull \hbox (11.80516pt too wide) in paragraph at lines 1174--1182
[][]\OT1/cmtt/m/n/10 outer []\OT1/cmr/m/n/10 mar-gin, de-pend-ing on which you 
spec-ify as ar-gu-ment to the [][]\OT1/cmtt/m/n/10 \linenummargin
 []


LaTeX Warning: Marginpar on page 12 moved.


LaTeX Warning: Marginpar on page 12 moved.


LaTeX Warning: Marginpar on page 12 moved.


LaTeX Warning: Marginpar on page 12 moved.


LaTeX Warning: Marginpar on page 12 moved.

[12]

LaTeX Warning: Marginpar on page 13 moved.


LaTeX Warning: Marginpar on page 13 moved.


LaTeX Warning: Marginpar on page 13 moved.


LaTeX Warning: Marginpar on page 13 moved.


LaTeX Warning: Marginpar on page 13 moved.

[13] [14]

LaTeX Warning: Marginpar on page 15 moved.


LaTeX Warning: Marginpar on page 15 moved.

[15] [16] [17]

LaTeX Warning: Marginpar on page 18 moved.

[18]

LaTeX Warning: Marginpar on page 19 moved.


LaTeX Warning: Marginpar on page 19 moved.


LaTeX Warning: Marginpar on page 19 moved.


LaTeX Warning: Marginpar on page 19 moved.

[19]

LaTeX Warning: Marginpar on page 20 moved.


LaTeX Warning: Marginpar on page 20 moved.

[20] [21]
Overfull \hbox (1.87663pt too wide) in paragraph at lines 1948--1948
 [] \OT1/cmtt/m/n/9 ***********************************************************
*********^^J 
 []


Overfull \hbox (30.2263pt too wide) in paragraph at lines 1948--1948
 [] \OT1/cmtt/m/n/9 ***********************************************************
*********^^J^^J }} 
 []

[22] [23] [24] [25] [26] [27] [28] [29] [30] [31] [32]
Overfull \hbox (27.69415pt too wide) in paragraph at lines 2773--2780
[]\OT1/cmr/m/n/10 Our line, page, and line-locking coun-ters were al-ready ze-r
oed by [][]\OT1/cmtt/m/n/10 \line@list@stuff
 []

[33] [34] [35] [36] [37] [38] [39] [40] [41] [42] [43] [44] [45] [46] [47]
[48]
Overfull \hbox (6.58318pt too wide) in paragraph at lines 4059--4061
[]\OT1/cmr/m/n/10 Now we pull the foot-notes and in-ser-tions for this line out
 of the [][]\OT1/cmtt/m/n/10 \inserts@list
 []

[49] [50] [51] [52] [53] [54] [55] [56] [57] [58] [59]
Overfull \hbox (14.33322pt too wide) in paragraph at lines 4825--4827
[]\OT1/cmr/m/n/10 The line num-bers will be printed us-ing the font se-lected b
y ex-e-cut-ing [][]\OT1/cmtt/m/n/10 \notenumfont[]\OT1/cmr/m/n/10 . 
 []

[60] [61] [62] [63]
Overfull \hbox (1.66573pt too wide) in paragraph at lines 5168--5171
[][][]\OT1/cmtt/m/n/10 \normalfootnoterule []\OT1/cmr/m/n/10 is a stan-dard foo
tnote-rule macro, for use by a [][]\OT1/cmtt/m/n/10 footstart
 []

[64] [65] [66] [67] [68] [69] [70]
Overfull \hbox (5.21202pt too wide) in paragraph at lines 5711--5717
[][][]\OT1/cmtt/m/n/10 \threecolfootfmt []\OT1/cmr/m/n/10 is the com-mand that 
for-mats one note. It uses [][]\OT1/cmtt/m/n/10 \raggedright[]\OT1/cmr/m/n/10 ,

 []

[71] [72]
Overfull \hbox (39.72182pt too wide) in paragraph at lines 5885--5887
[]\OT1/cmr/m/n/10 The fol-low-ing are macros that will be used in the course of
 mak-ing [][]\OT1/cmtt/m/n/10 \registration@marks[]\OT1/cmr/m/n/10 . 
 []

[73] [74] [75] [76] [77] [78] [79] [80] [81]
! Undefined control sequence.
l.6578 % \includegraphics
                         {features}
? s
OK, entering \scrollmode...
[82] [83] [84]
! Undefined control sequence.
l.6742 % \includegraphics
                         {iocasta}
The control sequence at the end of the top line
of your error message was never \def'ed. If you have
misspelled it (e.g., `\hobx'), type `I' and the correct
spelling (e.g., `I\hbox'). Otherwise just continue,
and I'll forget about whatever was undefined.

[85] [86] [87] [88] [89] [90] [91]
! Undefined control sequence.
l.7047 % \includegraphics
                         {arden}
The control sequence at the end of the top line
of your error message was never \def'ed. If you have
misspelled it (e.g., `\hobx'), type `I' and the correct
spelling (e.g., `I\hbox'). Otherwise just continue,
and I'll forget about whatever was undefined.

[92] [93] [94]
! Undefined control sequence.
l.7174 % \includegraphics
                         {periph4}
The control sequence at the end of the top line
of your error message was never \def'ed. If you have
misspelled it (e.g., `\hobx'), type `I' and the correct
spelling (e.g., `I\hbox'). Otherwise just continue,
and I'll forget about whatever was undefined.


Overfull \hbox (28.27066pt too wide) in paragraph at lines 7360--7360
[] \OT1/cmtt/m/n/9 \def\raggedleft{\leftskip\z@% This is a hack; doubtless ther
e are better ways.[] 
 []


Overfull \hbox (14.09583pt too wide) in paragraph at lines 7360--7360
[] \OT1/cmtt/m/n/9 \hbox to\hsize{\affixline@num\add@inserts\hbox to\z@% insert
s added here so[] 
 []

[95] [96]
Overfull \hbox (9.37088pt too wide) in paragraph at lines 7360--7360
[]   \OT1/cmtt/m/n/9 {\hss\box\lp@rbox\kern\linenumsep}%                 that m
argin pars are[] 
 []

[97] [98] [99] [100]
! Undefined control sequence.
l.7468 % \includegraphics
                         {arabic}
The control sequence at the end of the top line
of your error message was never \def'ed. If you have
misspelled it (e.g., `\hobx'), type `I' and the correct
spelling (e.g., `I\hbox'). Otherwise just continue,
and I'll forget about whatever was undefined.

! Undefined control sequence.
l.7496 % \includegraphics
                         {sanskrit}
The control sequence at the end of the top line
of your error message was never \def'ed. If you have
misspelled it (e.g., `\hobx'), type `I' and the correct
spelling (e.g., `I\hbox'). Otherwise just continue,
and I'll forget about whatever was undefined.

[101] [102] [103]
Overfull \hbox (4.64594pt too wide) in paragraph at lines 7665--7665
[] \OT1/cmtt/m/n/9 % printed, we define a counter that keeps track of the previ
ously printed[] 
 []

[104]
Overfull \hbox (4.64594pt too wide) in paragraph at lines 7665--7665
[] \OT1/cmtt/m/n/9 % The beginning of the \printlines macro is just the same as
 the original[] 
 []


Overfull \hbox (4.64594pt too wide) in paragraph at lines 7665--7665
[] \OT1/cmtt/m/n/9 % Here come our modifications.  We're ready to print the var
ious numbers,[] 
 []


Overfull \hbox (9.37088pt too wide) in paragraph at lines 7665--7665
[] \OT1/cmtt/m/n/9 % based on our counter values, but the first thing we do is 
to compare the[] 
 []


Overfull \hbox (9.37088pt too wide) in paragraph at lines 7665--7665
[] \OT1/cmtt/m/n/9 % been printed.  If they are the same, we print the \notenum
sep siglum; if[] 
 []


Overfull \hbox (9.37088pt too wide) in paragraph at lines 7665--7665
[] \OT1/cmtt/m/n/9 % not, we go ahead and print the actual line number.  (Note 
that this does[] 
 []

[105] (./edmac.ind
LaTeX Font Info:    External font `cmex10' loaded for size
(Font)              <9> on input line 6.

Underfull \hbox (badness 10000) in paragraph at lines 62--63
[]\OT1/cmr/m/n/9 Beeton, Bar-bara 
 []


Underfull \hbox (badness 10000) in paragraph at lines 62--63
\OT1/cmr/m/n/9 Ann Neuhaus 
 []

[106]
Overfull \hbox (22.1209pt too wide) in paragraph at lines 142--143
[][][]\OT1/cmtt/m/n/9 \first@linenum@out@false   
 []


Overfull \hbox (17.39595pt too wide) in paragraph at lines 143--144
[][][]\OT1/cmtt/m/n/9 \first@linenum@out@true   
 []


Overfull \hbox (7.94606pt too wide) in paragraph at lines 181--182
[][][]\OT1/cmtt/m/n/9 \iffirst@linenum@out@   
 []

[107]
Overfull \hbox (3.22112pt too wide) in paragraph at lines 335--336
[][][]\OT1/cmtt/m/n/9 \sublinenumincrement   
 []


Underfull \hbox (badness 10000) in paragraph at lines 352--353
[]\OT1/cmr/m/n/9 Timkovics, Paulus 
 []

)
*******************
* Checksum passed *
*******************
) [108] (./edmac.aux)
 ***********
LaTeX2e <2025-11-01>
L3 programming layer <2026-01-19>
 ***********
Package rerunfilecheck Info: File `edmac.out' has not changed.
(rerunfilecheck)             Checksum: D7CC6AA3C47D0DC288655033659D6C9F;12827.
Package rerunfilecheck Info: File `edmac.hd' has not changed.
(rerunfilecheck)             Checksum: D41D8CD98F00B204E9800998ECF8427E;0.
 ) 
Here is how much of TeX's memory you used:
 9956 strings out of 467533
 148832 string characters out of 5419489
 612531 words of memory out of 5000000
 38502 multiletter control sequences out of 15000+600000
 637812 words of font info for 75 fonts, out of 8000000 for 9000
 1143 hyphenation exceptions out of 8191
 91i,14n,93p,375b,1188s stack positions out of 10000i,1000n,20000p,200000b,200000s
</usr/local/texlive/2025/texmf-dist/fonts/type1/public/amsfonts/cm/cmbx10.pfb
></usr/local/texlive/2025/texmf-dist/fonts/type1/public/amsfonts/cm/cmbx12.pfb>
</usr/local/texlive/2025/texmf-dist/fonts/type1/public/amsfonts/cm/cmbx8.pfb></
usr/local/texlive/2025/texmf-dist/fonts/type1/public/amsfonts/cm/cmbx9.pfb></us
r/local/texlive/2025/texmf-dist/fonts/type1/public/amsfonts/cm/cmcsc10.pfb></us
r/local/texlive/2025/texmf-dist/fonts/type1/public/amsfonts/cm/cmmi10.pfb></usr
/local/texlive/2025/texmf-dist/fonts/type1/public/amsfonts/cm/cmmi6.pfb></usr/l
ocal/texlive/2025/texmf-dist/fonts/type1/public/amsfonts/cm/cmmi8.pfb></usr/loc
al/texlive/2025/texmf-dist/fonts/type1/public/amsfonts/cm/cmr10.pfb></usr/local
/texlive/2025/texmf-dist/fonts/type1/public/amsfonts/cm/cmr12.pfb></usr/local/t
exlive/2025/texmf-dist/fonts/type1/public/amsfonts/cm/cmr17.pfb></usr/local/tex
live/2025/texmf-dist/fonts/type1/public/amsfonts/cm/cmr5.pfb></usr/local/texliv
e/2025/texmf-dist/fonts/type1/public/amsfonts/cm/cmr6.pfb></usr/local/texlive/2
025/texmf-dist/fonts/type1/public/amsfonts/cm/cmr7.pfb></usr/local/texlive/2025
/texmf-dist/fonts/type1/public/amsfonts/cm/cmr8.pfb></usr/local/texlive/2025/te
xmf-dist/fonts/type1/public/amsfonts/cm/cmr9.pfb></usr/local/texlive/2025/texmf
-dist/fonts/type1/public/amsfonts/cm/cmsl10.pfb></usr/local/texlive/2025/texmf-
dist/fonts/type1/public/amsfonts/cm/cmsy10.pfb></usr/local/texlive/2025/texmf-d
ist/fonts/type1/public/amsfonts/cm/cmsy6.pfb></usr/local/texlive/2025/texmf-dis
t/fonts/type1/public/amsfonts/cm/cmsy8.pfb></usr/local/texlive/2025/texmf-dist/
fonts/type1/public/amsfonts/cm/cmti10.pfb></usr/local/texlive/2025/texmf-dist/f
onts/type1/public/amsfonts/cm/cmti7.pfb></usr/local/texlive/2025/texmf-dist/fon
ts/type1/public/amsfonts/cm/cmti8.pfb></usr/local/texlive/2025/texmf-dist/fonts
/type1/public/amsfonts/cm/cmti9.pfb></usr/local/texlive/2025/texmf-dist/fonts/t
ype1/public/amsfonts/cm/cmtt10.pfb></usr/local/texlive/2025/texmf-dist/fonts/ty
pe1/public/amsfonts/cm/cmtt12.pfb></usr/local/texlive/2025/texmf-dist/fonts/typ
e1/public/amsfonts/cm/cmtt8.pfb></usr/local/texlive/2025/texmf-dist/fonts/type1
/public/amsfonts/cm/cmtt9.pfb></usr/local/texlive/2025/texmf-dist/fonts/type1/p
ublic/amsfonts/latxfont/line10.pfb></usr/local/texlive/2025/texmf-dist/fonts/ty
pe1/public/cm-super/sfrm1000.pfb>
Output written on edmac.pdf (108 pages, 655068 bytes).
PDF statistics:
 1285 PDF objects out of 1440 (max. 8388607)
 1103 compressed objects within 12 object streams
 265 named destinations out of 1000 (max. 500000)
 721 words of extra memory for PDF output out of 10000 (max. 10000000)

